// Jest Snapshot v1, https://goo.gl/fbAQLP

exports[`test homescreen snapshot homescreen renders correctly 1`] = `
<View
  style={
    {
      "alignItems": "center",
      "flex": 1,
      "justifyContent": "center",
    }
  }
>
  <Text
    style={
      [
        {
          "fontFamily": "System",
          "fontSize": 22,
          "fontWeight": "400",
          "letterSpacing": 0,
          "lineHeight": 28,
        },
        {
          "textAlign": "left",
        },
        {
          "color": "rgba(28, 27, 31, 1)",
          "writingDirection": "ltr",
        },
        {
          "fontWeight": "700",
        },
      ]
    }
  >
    Welcome to Home Screen
  </Text>
</View>
`;
